CMake is re-running because C:/Xorion/build/CMakeFiles/generate.stamp is out-of-date.
  the file 'C:/Xorion/CMakeLists.txt'
  is newer than 'C:/Xorion/build/CMakeFiles/generate.stamp.depend'
  result='-1'
-- Selecting Windows SDK version 10.0.26100.0 to target Windows 10.0.26200.
-- Configuring done (0.1s)
-- Generating done (0.4s)
-- Build files have been written to: C:/Xorion/build
MSBuild version 17.14.23+b0019275e for .NET Framework

  HudEditor.cpp
  TestModule.cpp
  Zoom.cpp
  RenderUtils.cpp
  BootstrapHelpers.cpp
  BaseActorRenderContext.cpp
  Font.cpp
  GameMode.cpp
C:\Xorion\Horion\Render\RenderUtils.cpp(102,10): error C2084: function 'void RenderUtils::drawEntityMesh(RenderUtils::Entity *,ID3D11DeviceContext *)' already has a body [C:\Xorion\build\Horion.vcxproj]
      C:\Xorion\Horion\Render\RenderUtils.cpp(6,19):
      see previous definition of 'RenderUtils::drawEntityMesh'
  
